
BIBHAV KUMAR@LAPTOP-TOKDBIQN MINGW64 ~/OneDrive/Desktop
$ git clone git@github.com:Bibhavcodeverse/pythonLecture.git
Cloning into 'pythonLecture'...
remote: Enumerating objects: 3, done.
remote: Counting objects: 100% (3/3), done.
remote: Total 3 (delta 0), reused 0 (delta 0), pack-reused 0
Receiving objects: 100% (3/3), done.

BIBHAV KUMAR@LAPTOP-TOKDBIQN MINGW64 ~/OneDrive/Desktop
$ ls
'Assignment _01.docx'  'C language'/          'Java HandsOn'/  'Mathemaical carnival'/  'MinGW Installer.lnk'*  'Sigma Web development'/    desktop.ini           'pyhton practice'/   pythonLecture/
 Bibhav_16565/         'GitHub Desktop.lnk'*   Job-A-Licious/  'Microsoft Edge.lnk'*     QHAV64.EXE*            'Visual Studio Code.lnk'*  'practicals 5th sem'/  'python class'/      vscode/

BIBHAV KUMAR@LAPTOP-TOKDBIQN MINGW64 ~/OneDrive/Desktop
$ cd pythonLecture

BIBHAV KUMAR@LAPTOP-TOKDBIQN MINGW64 ~/OneDrive/Desktop/pythonLecture (main)
$ ls
README.md

BIBHAV KUMAR@LAPTOP-TOKDBIQN MINGW64 ~/OneDrive/Desktop/pythonLecture (main)
$ nano readme.md

BIBHAV KUMAR@LAPTOP-TOKDBIQN MINGW64 ~/OneDrive/Desktop/pythonLecture (main)
$ git status
On branch main
Your branch is up to date with 'origin/main'.

Changes not staged for commit:
  (use "git add <file>..." to update what will be committed)
  (use "git restore <file>..." to discard changes in working directory)
        modified:   README.md

no changes added to commit (use "git add" and/or "git commit -a")

BIBHAV KUMAR@LAPTOP-TOKDBIQN MINGW64 ~/OneDrive/Desktop/pythonLecture (main)
$ git add  .
warning: in the working copy of 'README.md', LF will be replaced by CRLF the next time Git touches it

BIBHAV KUMAR@LAPTOP-TOKDBIQN MINGW64 ~/OneDrive/Desktop/pythonLecture (main)
$ git commit -m "abc"
[main 7455eb5] abc
 1 file changed, 2 insertions(+), 1 deletion(-)

BIBHAV KUMAR@LAPTOP-TOKDBIQN MINGW64 ~/OneDrive/Desktop/pythonLecture (main)
$ git push
qwEnumerating objects: 5, done.
Counting objects: 100% (5/5), done.
Delta compression using up to 16 threads
Compressing objects: 100% (2/2), done.
Writing objects: 100% (3/3), 298 bytes | 149.00 KiB/s, done.
Total 3 (delta 0), reused 0 (delta 0), pack-reused 0 (from 0)
To github.com:Bibhavcodeverse/pythonLecture.git
   02defa4..7455eb5  main -> main

BIBHAV KUMAR@LAPTOP-TOKDBIQN MINGW64 ~/OneDrive/Desktop/pythonLecture (main)
$ git status
On branch main
Your branch is up to date with 'origin/main'.

nothing to commit, working tree clean

BIBHAV KUMAR@LAPTOP-TOKDBIQN MINGW64 ~/OneDrive/Desktop/pythonLecture (main)
$
